Running Gradle task 'assembleRelease'...                        
flutter : 
lib/ui/widgets/code_editor_widget.dart:38:21: 
Error: Can't find ')' to match '('.
At line:1 char:1
+ flutter build apk > build_output.txt 2>&1
+ ~~~~~~~~~~~~~~~~~~~~~~~~~~~~~~~~~~~~~~~~~
    + CategoryInfo          : NotSpecified: ( 
   lib/ui/widgets/...' to match '('.:String)  
   [], RemoteException
    + FullyQualifiedErrorId : NativeCommandEr 
   ror
 
    return Container(
                    ^
lib/ui/widgets/code_editor_widget.dart:39:5: 
Error: Unexpected token 'return'.
    return Container(
    ^^^^^^
lib/ui/widgets/code_editor_widget.dart:38:21: 
Error: Too many positional arguments: 0 
allowed, but 1 found.
Try removing the extra positional arguments.
    return Container(
                    ^
/C:/flutter/packages/flutter/lib/src/widgets/c
ontainer.dart:255:3: Context: Found this 
candidate, but the arguments don't match.
  Container({
  ^^^^^^^^^
Target kernel_snapshot_program failed: 
Exception


FAILURE: Build failed with an exception.

* What went wrong:
Execution failed for task 
':app:compileFlutterBuildRelease'.
> Process 'command 
'C:\flutter\bin\flutter.bat'' finished with 
non-zero exit value 1

* Try:
> Run with --stacktrace option to get the 
stack trace.
> Run with --info or --debug option to get 
more log output.
> Run with --scan to get full insights.
> Get more help at https://help.gradle.org.

BUILD FAILED in 11s
Running Gradle task 'assembleRelease'...                           11.6s
Gradle task assembleRelease failed with exit 
code 1
